ali@X230:~$ cd /tmp
ali@X230:/tmp$ git clone https://github.com/baharev/gjh_fails.git
Cloning into 'gjh_fails'...
remote: Counting objects: 21, done.
remote: Compressing objects: 100% (16/16), done.
remote: Total 21 (delta 4), reused 17 (delta 3), pack-reused 0
Unpacking objects: 100% (21/21), done.
Checking connectivity... done.
ali@X230:/tmp$ cd gjh_fails/
ali@X230:/tmp/gjh_fails$ ampl --version
AMPL Version 20160121 (Linux x86_64)

ali@X230:/tmp/gjh_fails$ gjh --version
gjh (Linux x86_64), ASL(20151209)
ali@X230:/tmp/gjh_fails$ rm *.gjh
ali@X230:/tmp/gjh_fails$ rm *.nl
ali@X230:/tmp/gjh_fails$ ls
lib1_etamac.mod  lib1_hhfair.mod  lib1_pindyck.mod  README.md
ali@X230:/tmp/gjh_fails$ ampl lib1_etamac.mod 

97 variables:
        35 nonlinear variables
        62 linear variables
70 constraints; 216 nonzeros
        9 nonlinear constraints
        61 linear constraints
        69 equality constraints
        1 inequality constraint
1 nonlinear objective; 9 nonzeros.

_svar [*] :=
 1    12.32657617084      34  2532.507326160885     67  3840.3919017757794
 2   384.56740215381194   35  2419.6452286851018    68  8867.619098492109
 3  5569.452311699472     36  4280.044960539841     69   637.95017367078
 4  8286.850922150015     37   797.1499908848162    70    79.5472543306928
 5  2438.3990794553133    38   307.3645302353473    71  2816.6339718182585
 6  1978.9635351705936    39  7101.039137296791     72   677.6941281442786
 7  2834.0240601425003    40  4403.388098277967     73  8837.278690744022
 8  5853.458669549486     41  5751.808199570665     74  7969.600879883169
 9  4487.738216314366     42  7655.533900479085     75  7926.8250283202315
10  8903.869127137512     43  3951.7490710768902    76  5696.362984733484                                                                                                    
11  2908.5338691451607    44  7510.47169624985      77  1554.3253022122544                                                                                                   
12  5615.017848747379     45  3362.4561290951906    78  3419.1545412086134                                                                                                   
13  1531.958489937832     46  8193.96812303124      79  7980.268109501012                                                                                                    
14  5014.990536868155     47  9257.105395596513     80  3896.7931402055615
15  2759.46044745825      48  3511.175698460186     81  7381.227383149641
16  5180.5020816849465    49  4829.664186418368     82  9708.401871467864
17  9051.103267650493     50  3003.0211206543127    83  8910.638569541512
18  7696.52448914112      51  3005.103487882356     84  1639.856254957688
19  7497.685756143391     52  5043.512918584123     85  5110.1086057652465
20  2675.4942287100616    53  8672.963482791007     86   441.04105322877166
21   656.5994153672896    54   465.0656152663995    87   822.861282831994
22  7329.302096684256     55   303.15180116373716   88  5032.378756341173
23   704.9372574414743    56  5436.019457908781     89  5307.864037118801
24  3654.5294196601053    57  9945.82412220226      90  2283.161724025631
25  6595.892320141934     58  4397.935544289751     91 -8944.241643490863
26  1059.6926607172695    59   832.2835829377565    92  1974.8648240274797
27   435.63689562690206   60  8435.31345700565      93 -3229.1917500856553
28  3696.287852419261     61  4950.69758822759      94  -308.15991446633416
29  3148.334517860624     62  6804.115511721708     95  7803.763610552331
30  5775.11171157154      63  7731.934772452137     96 -3001.545150914444
31  4061.0554197046645    64  1229.8942308290639    97 -3446.5521959810185
32   761.9049684472781    65  5171.0571909011005
33  5396.784364920779     66  3847.0051797834594
;

@@@ Problem statistics: rows  cols  nonzeros
70 97 216

ali@X230:/tmp/gjh_fails$ ampl lib1_
lib1_etamac.mod   lib1_etamac.nl    lib1_hhfair.mod   lib1_pindyck.mod  
ali@X230:/tmp/gjh_fails$ ampl lib1_hhfair.mod 

29 variables:
        15 nonlinear variables
        14 linear variables
25 constraints; 77 nonzeros
        6 nonlinear constraints
        19 linear constraints
        19 equality constraints
        6 inequality constraints
1 nonlinear objective; 3 nonzeros.

_svar [*] :=
 1  1000                   11   100                   21 -8694.746436500935
 2 -9251.849711878323      12  1229.1308032972775     22  4656.333134950864
 3  1129.235490083136      13 -6937.830503092833      23 -8598.02964771733
 4  6569.963104083479      14    28.952356632802548   24  3651.8377961940682
 5  2505.8464613035812     15 -4482.573278150054      25  6594.448364804655
 6  2050.508954579379      16   360.00960157907684    26  1055.9003586770466
 7  2897.9425769499508     17  8102.010718962971      27 -9129.69859396842
 8   275.4680202285337     18  5391.090191613677      28 -2608.167260080191
 9   234.45169884116785    19  4993.243640834135      29 -3704.2671419652106
10   367.11268081582233    20 -4655.240019588202
;

@@@ Problem statistics: rows  cols  nonzeros
25 29 77

ali@X230:/tmp/gjh_fails$ ampl lib1_pindyck.mod 

116 variables:
        64 nonlinear variables
        52 linear variables
96 constraints; 320 nonzeros
        32 nonlinear constraints
        64 linear constraints
        96 equality constraints
1 linear objective; 16 nonzeros.

_svar [*] :=
  1  2057.279459140878         59  8427.450710558442
  2   374.0751440608383        60  4925.32420927396
  3  5564.617745041568         61  6802.4660572342655
  4  8284.98155204174          62  7730.577626270516
  5  2430.147940710688         63  1223.810031472099
  6  1970.211065231696         64  5167.173141184085
  7  2826.2046231817685        65  3841.2671733370803
  8  5848.93400761779          66  3833.731840904968
  9  4481.723294705595         67  8866.199457356153
 10  8903.756027194078         68   624.3410600903968
 11  2907.802164165289         69    62.825683613397416
 12  5614.565401648639         70  2814.3345588770994
 13  1531.0847484535834        71   674.7100353555924
 14  5014.476178316401         72  8836.906500824287
 15  2758.713360924973         73  7968.950944185309
 16  5180.004800789538         74  7926.161399968222
 17    18                      75  5694.985380055102
 18  7695.545095806839         76  1551.621821195037
 19  7496.621820417067         77  3417.0479965675154
 20  2672.379990205899         78  7979.6215884093035
 21   652.626781749533         79  3896.365885817569
 22  7328.166567475432         80  7381.044056233579
 23   700.9851761413344        81  9708.381458169937
 24  3651.831448025516         82  8910.562308903134
 25  6594.444959249615         83  1639.271003927963
 26  1055.8914145684612        84   500
 27   435.15070301578993       85   440.37187926031993
 28  3695.9163699599044        86   822.2188381506645
 29  3147.8664290173947        87  5032.03099851107
 30  5774.777102109307         88  7653.932018559401
 31  4060.5101343136876        89  6141.5808620128155
 32   760.9216606343759        90   527.8791782545688
 33  5396.216347219015         91  5987.43241201374
 34     6.5                    92  3385.4041249571724
 35  2417.7496661016276        93  4845.920042766833
 36  4278.614614193389         94  8901.881805276165
 37   794.8487030605813        95  3499.227424542778
 38   304.94076542670393       96  3276.7239020094908
 39  7100.3142158507535        97  7087.764594297451
 40  4401.988595426825         98  4404.571462414825
 41  5750.745886042176         99   754.300328860961
 42  7654.947637388432        100  1039.3184985622454
 43  3950.236630234449        101  9342.459084235736
 44  7510.407483177803        102  -323.9771437119307
 45  3362.2576559775143       103 -5851.836110716754
 46  8193.905518194037        104  9770.872063552026
 47  9257.075541893746        105  -430.645280097091
 48  3510.873406972066        106  1836.4290551252525
 49  4829.3849526089825       107  9840.728880027153
 50  3002.583044441526        108  2835.9288982820635
 51     0.00861917245680388   109 -7533.819636869344
 52  8666.2949575789          110 -7812.8672121291875
 53   417.1513721270347       111  8755.973007401222
 54   254.42392076757505      112  7545.8002530785925
 55  5413.084882320382        113  6710.896954530483
 56  9945.551881610312        114  1716.771631892636
 57  4369.784466622865        115  6516.297689794388
 58   786.2146562188507       116 -1922.524433837817
;

@@@ Problem statistics: rows  cols  nonzeros
96 116 320

ali@X230:/tmp/gjh_fails$ gjh 
.git/             lib1_etamac.mod   lib1_etamac.nl    lib1_hhfair.mod   lib1_hhfair.nl    lib1_pindyck.mod  lib1_pindyck.nl   README.md         
ali@X230:/tmp/gjh_fails$ gjh lib1_etamac.nl 
Error evaluating objective function: can't evaluate log(0).
ali@X230:/tmp/gjh_fails$ gjh lib1_hhfair.nl 
Error evaluating objective function: can't evaluate pow'(0,0.944).
ali@X230:/tmp/gjh_fails$ gjh lib1_pindyck.nl 
Error evaluating constraint 81: can't compute 250/0.
ali@X230:/tmp/gjh_fails$ git diff
ali@X230:/tmp/gjh_fails$ git status
On branch master
Your branch is up-to-date with 'origin/master'.

nothing to commit, working directory clean
ali@X230:/tmp/gjh_fails$ 
