ali@X230:/tmp$ git clone https://github.com/baharev/gjh_fails.git
Cloning into 'gjh_fails'...
remote: Counting objects: 24, done.
remote: Compressing objects: 100% (19/19), done.
remote: Total 24 (delta 5), reused 19 (delta 3), pack-reused 0
Unpacking objects: 100% (24/24), done.
Checking connectivity... done.
ali@X230:/tmp$ cd gjh_fails/
ali@X230:/tmp/gjh_fails$ ampl --version
AMPL Version 20160121 (Linux x86_64)

ali@X230:/tmp/gjh_fails$ gjh --version 
gjh (Linux x86_64), ASL(20151209)
ali@X230:/tmp/gjh_fails$ git rev-parse HEAD
2c2d215fe4135e52a99d0f0e66f4e043ae55f689
ali@X230:/tmp/gjh_fails$ ampl lib1_etamac.mod          

97 variables:
        35 nonlinear variables
        62 linear variables
70 constraints; 216 nonzeros
        9 nonlinear constraints
        61 linear constraints
        69 equality constraints
        1 inequality constraint
1 nonlinear objective; 9 nonzeros.

_svar [*] :=
 1  2058.1      21   660.139    41  5755.38     61  4926.05     81  7381.23
 2   375.068    22  7330.66     42  7657.5      62  6803.27     82  9708.4
 3  5565.08     23   711.029    43  3956.83     63  7731.14     83  8910.64
 4  8285.16     24  3659.78     44  7513.12     64  1226        84  1639.86
 5  2430.93     25  6599.39     45  3365.08     65  5168.38     85  5110.11
 6  1971.04     26  1070.94     46  8194.67     66  3842.81     86   441.041
 7  2826.94     27   438.211    47  9257.39     67  3835.27     87   822.861
 8  5849.36     28  3697.93     48  3513.63     68  8866.48     88  5032.38
 9  4481.87     29  3150.06     49  4831.58     69   626.685    89  5307.86
10  8903.79     30  5776.13     50  3005.56     70    65.31     90  2283.16                                                                                                  
11  2908.05     31  4062.41     51  3007.57     71  2850.26     91 -8944.24                                                                                                  
12  5614.74     32   763.878    52  5045.2      72   721.336    92  1974.86                                                                                                  
13  1531.48     33  5397.69     53  8666.86     73  8842.72     93 -3229.19                                                                                                  
14  5014.75     34  2533.83     54   417.638    74  7979.11     94  -308.16
15  2759.17     35  2420.18     55   254.998    75  7936.53     95  7803.76
16  5180.35     36    12.3266   56  5413.4      76  5716.51     96 -3001.55
17  9051.09     37   804.882    57  9945.56     77  1593.86     97 -3446.55
18  7696.73     38   315.508    58  4370.3      78  3449.96
19  7498.12     39  7103.47     59   787.195    79  7989.72
20  2677.46     40  4408.09     60  8427.64     80  3896.79
;

@@@ Problem statistics: rows  cols  nonzeros
70 97 216

ali@X230:/tmp/gjh_fails$ ampl lib1_hhfair.mod          

29 variables:
        15 nonlinear variables
        14 linear variables
25 constraints; 77 nonzeros
        6 nonlinear constraints
        19 linear constraints
        19 equality constraints
        6 inequality constraints
1 nonlinear objective; 3 nonzeros.

_svar [*] :=
 1  2136.71     7 -4347.59    13  1531.09    19  4993.24    25  3188.89
 2   470.334    8  1697.87    14  5014.48    20   100       26 -7888.22
 3  5608.97     9 -1036.55    15  2758.72    21 -8694.75    27 -9129.7
 4   348.549   10  7807.51    16  1000       22  4656.33    28 -2608.17
 5   172.904   11 -4184.4     17  8102.01    23 -8598.03    29 -3704.27
 6   159.106   12  1229.13    18  5391.09    24 -2696.34
;

@@@ Problem statistics: rows  cols  nonzeros
25 29 77

ali@X230:/tmp/gjh_fails$ ampl lib1_pindyck.mod         

116 variables:
        64 nonlinear variables
        52 linear variables
96 constraints; 320 nonzeros
        32 nonlinear constraints
        64 linear constraints
        96 equality constraints
1 linear objective; 16 nonzeros.

_svar [*] :=
  1  2057.28       30  5774.78       59   786.215      88  5032.03
  2   374.075      31  4060.51       60  8427.45       89  7653.93
  3  5564.62       32   760.922      61  4925.32       90  6141.58
  4  8284.98       33  5396.22       62  6802.47       91   527.879
  5  2430.15       34  2531.44       63  7730.58       92  5987.43
  6  1970.21       35  2417.75       64  1223.81       93  3385.4
  7  2826.2        36  4278.61       65    18          94  4845.92
  8  5848.93       37   794.849      66  3841.27       95  8901.88
  9  4481.72       38   304.941      67  3833.73       96  3499.23
 10  8903.76       39  7100.31       68  8866.2        97  3276.72
 11  2907.8        40  4401.99       69   624.341      98  7087.76
 12  5614.57       41  5750.75       70    62.8257     99    -0.84914
 13  1531.08       42  7654.95       71  2814.33      100   500
 14  5014.48       43  3950.24       72   674.71      101  9342.46
 15  2758.71       44  7510.41       73  8836.91      102  -323.977
 16  5180          45  3362.26       74  7968.95      103 -5851.84
 17  9051.01       46  8193.91       75  7926.16      104  9770.87
 18  7695.55       47  9257.08       76  5694.99      105  -430.645
 19  7496.62       48  3510.87       77  1551.62      106  1836.43
 20  2672.38       49  4829.38       78  3417.05      107  9840.73
 21   652.627      50  3002.58       79  7979.62      108  2835.93
 22  7328.17       51  3004.6        80  3896.37      109 -7533.82
 23   700.985      52  5043.1        81  7381.04      110 -7812.87
 24  3651.83       53  8666.29       82     6.5       111  8755.97
 25  6594.44       54   417.151      83  8910.56      112  7545.8
 26  1055.89       55   254.424      84  1639.27      113  6710.9
 27   435.151      56  5413.08       85  5109.77      114  1716.77
 28  3695.92       57  9945.55       86   440.372     115  6516.3
 29  3147.87       58  4369.78       87   822.219     116 -1922.52
;

@@@ Problem statistics: rows  cols  nonzeros
96 116 320

ali@X230:/tmp/gjh_fails$ gjh lib1_etamac.nl         
gjh: "lib1_etamac.gjh" written.  Execute

        include "lib1_etamac.gjh"
        remove "lib1_etamac.gjh";

ali@X230:/tmp/gjh_fails$ gjh lib1_hhfair.nl         
Error evaluating constraint 1: can't evaluate sqrt(-7151.34).
ali@X230:/tmp/gjh_fails$ gjh lib1_pindyck.nl            
gjh: "lib1_pindyck.gjh" written.  Execute

        include "lib1_pindyck.gjh"
        remove "lib1_pindyck.gjh";

ali@X230:/tmp/gjh_fails$